;;; 
Export: Release 18.0.0.0.0 - Production on 금 10월 25 10:31:18 2024
Version 18.4.0.0.0

Copyright (c) 1982, 2019, Oracle and/or its affiliates.  All rights reserved.
;;; 
접속 대상: Oracle Database 18c Express Edition Release 18.0.0.0.0 - Production
"SYSTEM"."SYS_EXPORT_SCHEMA_01" 시작 중: system/********@xe schemas=swch directory=sql_dir dumpfile=swch_2024.dmp logfile=swch_2024.log 
객체 유형 SCHEMA_EXPORT/TABLE/TABLE_DATA 처리 중
객체 유형 SCHEMA_EXPORT/TABLE/INDEX/STATISTICS/INDEX_STATISTICS 처리 중
객체 유형 SCHEMA_EXPORT/TABLE/STATISTICS/TABLE_STATISTICS 처리 중
객체 유형 SCHEMA_EXPORT/STATISTICS/MARKER 처리 중
객체 유형 SCHEMA_EXPORT/DEFAULT_ROLE 처리 중
객체 유형 SCHEMA_EXPORT/PRE_SCHEMA/PROCACT_SCHEMA 처리 중
객체 유형 SCHEMA_EXPORT/TABLE/TABLE 처리 중
객체 유형 SCHEMA_EXPORT/TABLE/IDENTITY_COLUMN 처리 중
객체 유형 SCHEMA_EXPORT/PROCEDURE/PROCEDURE 처리 중
객체 유형 SCHEMA_EXPORT/PROCEDURE/ALTER_PROCEDURE 처리 중
객체 유형 SCHEMA_EXPORT/TABLE/CONSTRAINT/CONSTRAINT 처리 중
객체 유형 SCHEMA_EXPORT/TABLE/CONSTRAINT/REF_CONSTRAINT 처리 중
. . "SWCH"."KETON_CHOICE"                       8.945 KB      16행이 엑스포트됨
. . "SWCH"."MEMBERS"                            7.851 KB      15행이 엑스포트됨
. . "SWCH"."PROTEIN_CHOICE"                     25.80 KB     109행이 엑스포트됨
. . "SWCH"."SCHEDULE_CREATION"                  6.539 KB       9행이 엑스포트됨
. . "SWCH"."SCHEDULE_DETAILS"                   45.11 KB    1008행이 엑스포트됨
. . "SWCH"."TEST_MEMBER"                        5.109 KB       3행이 엑스포트됨
. . "SWCH"."WEIGHT"                             7.234 KB      19행이 엑스포트됨
마스터 테이블 "SYSTEM"."SYS_EXPORT_SCHEMA_01"이(가) 성공적으로 로드됨/로드 취소됨
******************************************************************************
SYSTEM.SYS_EXPORT_SCHEMA_01에 대해 설정된 덤프 파일:
  C:\SQL_BACKUP\SWCH_2024.DMP
"SYSTEM"."SYS_EXPORT_SCHEMA_01" 작업이 금 10월 25 10:31:43 2024 elapsed 0 00:00:22에서 성공적으로 완료됨

